--> dumpfile.txt
---
layer: !<RBM>
  layerName: "genisys"
  activationFunction: "relu"
  weightInit: "XAVIER"
  biasInit: 0.0
  dist: !<normal>
    mean: 0.001
    std: 1.0
  learningRate: 9.999999974752427E-7
  learningRateAfter: {}
  lrScoreBasedDecay: 0.0
  momentum: 0.5
  momentumAfter: {}
  l1: 0.1
  l2: 2.0E-4
  dropOut: 0.5
  updater: "ADAGRAD"
  rho: 0.0
  rmsDecay: 0.95
  adamMeanDecay: 0.9
  adamVarDecay: 0.999
  gradientNormalization: "None"
  gradientNormalizationThreshold: 1.0
  lossFunction: "RMSE_XENT"
  customLossFunction: null
  hiddenUnit: "RECTIFIED"
  visibleUnit: "GAUSSIAN"
  k: 1
  sparsity: 0.0
  nin: 0
  nout: 0
miniBatch: true
numIterations: 1000
maxNumLineSearchIterations: 5
seed: 1
optimizationAlgo: "CONJUGATE_GRADIENT"
variables: []
stepFunction: null
useRegularization: true
useDropConnect: true
useSchedules: false
minimize: true
timeSeriesLength: 1


